{
        "_Operator": {
                "_SyntaxType": 11,
                "_SyntaxTypeStr": "Add_Operator",
                "_Raw": "+",
                "_Value": "+",
                "_start": 5,
                "_End": 6
            },
        "_Left":
                {"_Literal":
                        {"_SyntaxType":41,
                                "_SyntaxTypeStr":"_Integer",
                                "_Raw":"34",
                                "_Value":34,
                                "_start":3,
                                "_End":5},
                                "_SyntaxType":100,
                                "_SyntaxTypeStr":"_NumericLiteralExpression"
                         },
        "_Right":
                {"_Literal":
                        {"_SyntaxType":41,

                                "_SyntaxTypeStr""_Integer",
                                "_Raw":"2",
                                "_Value":2,
                                "_start":6,
                                "_End":7},
                                "_SyntaxType":100,
                                "_SyntaxTypeStr":"_NumericLiteralExpression"
                        },
        "_SyntaxType":110,
        "_SyntaxTypeStr": "_BinaryExpression"

}